[20:16:35] [ServerMain/INFO]: Environment: Environment[sessionHost=https://sessionserver.mojang.com, servicesHost=https://api.minecraftservices.com, profilesHost=https://api.mojang.com, name=PROD]
[20:16:36] [ServerMain/INFO]: Loaded 1585 recipes
[20:16:36] [ServerMain/INFO]: Loaded 1688 advancements
[20:16:36] [Server thread/INFO]: Starting minecraft server version 26.2
[20:16:36] [Server thread/INFO]: Loading properties
[20:16:36] [Server thread/INFO]: Default game type: SURVIVAL
[20:16:36] [Server thread/INFO]: Generating keypair
[20:16:36] [Server thread/INFO]: Starting Minecraft server on *:25565
[20:16:36] [Server thread/INFO]: Preparing level "world"
[20:16:37] [Server thread/INFO]: Loading 0 persistent chunks...
[20:16:37] [Server thread/INFO]: Preparing spawn area: 100%
[20:16:37] [Server thread/INFO]: Time elapsed: 147 ms
[20:16:37] [Server thread/INFO]: Done (0.372s)! For help, type "help"
[20:16:37] [Server thread/INFO]: Saving chunks for level 'ServerLevel[world]'/minecraft:overworld
[20:16:37] [Server thread/INFO]: Saving chunks for level 'ServerLevel[world]'/minecraft:the_end
[20:16:37] [Server thread/INFO]: Saving chunks for level 'ServerLevel[world]'/minecraft:the_nether
[20:16:37] [Server thread/INFO]: ThreadedAnvilChunkStorage (world): All chunks are saved
[20:16:37] [Server thread/INFO]: ThreadedAnvilChunkStorage (DIM1): All chunks are saved
[20:16:37] [Server thread/INFO]: ThreadedAnvilChunkStorage (DIM-1): All chunks are saved
[20:16:37] [Server thread/INFO]: ThreadedAnvilChunkStorage: All dimensions are saved
[20:16:47] [User Authenticator #1/INFO]: UUID of player Nicomus22_ is cf53a94d-b070-4295-bedc-b61757c97f30
[20:16:47] [Server thread/INFO]: Nicomus22_[/127.0.0.1:62596] logged in with entity id 76 at (-10.708587526484981, 70.0, -0.24136110633042793)
[20:16:47] [Server thread/INFO]: Nicomus22_ joined the game
